// Jest Snapshot v1, https://goo.gl/fbAQLP

exports[`<HelloTypeScript/> should match the snapshot 1`] = `
<h2
  className="hello-typescript-message"
>
  Hello from 
  jest
   and 
  react
  !
</h2>
`;
