// Jest Snapshot v1, https://goo.gl/fbAQLP

exports[`<NavigationBar/> should match the snapshot 1`] = `
<header>
  <nav>
    <ul>
      <li>
        <a
          aria-current={null}
          href="/home"
          onClick={[Function]}
        >
          home
        </a>
      </li>
      <li>
        <a
          aria-current={null}
          href="/about"
          onClick={[Function]}
        >
          about
        </a>
      </li>
      <li>
        <a
          aria-current={null}
          href="/other"
          onClick={[Function]}
        >
          other?
        </a>
      </li>
    </ul>
  </nav>
</header>
`;
